#
# There is insufficient memory for the Java Runtime Environment to continue.
# Native memory allocation (malloc) failed to allocate 1048576 bytes. Error detail: AllocateHeap
# Possible reasons:
#   The system is out of physical RAM or swap space
#   This process is running with CompressedOops enabled, and the Java Heap may be blocking the growth of the native heap
# Possible solutions:
#   Reduce memory load on the system
#   Increase physical memory or swap space
#   Check if swap backing store is full
#   Decrease Java heap size (-Xmx/-Xms)
#   Decrease number of Java threads
#   Decrease Java thread stack sizes (-Xss)
#   Set larger code cache with -XX:ReservedCodeCacheSize=
#   JVM is running with Unscaled Compressed Oops mode in which the Java heap is
#     placed in the first 4GB address space. The Java Heap base address is the
#     maximum limit for the native heap growth. Please use -XX:HeapBaseMinAddress
#     to set the Java Heap base and to place the Java Heap above 4GB virtual address.
# This output file may be truncated or incomplete.
#
#  Out of Memory Error (allocation.cpp:44), pid=17596, tid=4848
#
# JRE version:  (21.0.10+7) (build )
# Java VM: OpenJDK 64-Bit Server VM (21.0.10+7-LTS, mixed mode, tiered, compressed oops, compressed class ptrs, parallel gc, windows-amd64)
# No core dump will be written. Minidumps are not enabled by default on client versions of Windows
#

---------------  S U M M A R Y ------------

Command Line: --add-modules=ALL-SYSTEM --add-opens=java.base/java.util=ALL-UNNAMED --add-opens=java.base/java.lang=ALL-UNNAMED --add-opens=java.base/sun.nio.fs=ALL-UNNAMED -Declipse.application=org.eclipse.jdt.ls.core.id1 -Dosgi.bundles.defaultStartLevel=4 -Declipse.product=org.eclipse.jdt.ls.core.product -Djava.import.generatesMetadataFilesAtProjectRoot=false -DDetectVMInstallationsJob.disabled=true -Dfile.encoding=utf8 -XX:+UseParallelGC -XX:GCTimeRatio=4 -XX:AdaptiveSizePolicyWeight=90 -Dsun.zip.disableMemoryMapping=true -Xmx2G -Xms100m -Xlog:disable -javaagent:c:\Users\s\.vscode\extensions\redhat.java-1.53.0-win32-x64\lombok\lombok-1.18.39-4050.jar -XX:+HeapDumpOnOutOfMemoryError -XX:HeapDumpPath=c:\Users\s\AppData\Roaming\Code\User\workspaceStorage\d88b8708f7bbef92fbce4640555d8064\redhat.java -Daether.dependencyCollector.impl=bf c:\Users\s\.vscode\extensions\redhat.java-1.53.0-win32-x64\server\plugins\org.eclipse.equinox.launcher_1.7.100.v20251111-0406.jar -configuration c:\Users\s\AppData\Roaming\Code\User\globalStorage\redhat.java\1.53.0\config_win -data c:\Users\s\AppData\Roaming\Code\User\workspaceStorage\d88b8708f7bbef92fbce4640555d8064\redhat.java\jdt_ws --pipe=\\.\pipe\lsp-2414d0d41f5b557b4cf6d4764fe11011-sock

Host: Intel(R) Core(TM) i7-8650U CPU @ 1.90GHz, 8 cores, 15G,  Windows 11 , 64 bit Build 22621 (10.0.22621.5415)
Time: Tue Mar 17 22:35:43 2026 W. Central Africa Standard Time elapsed time: 0.276351 seconds (0d 0h 0m 0s)

---------------  T H R E A D  ---------------

Current thread (0x000001fcc2e34c50):  JavaThread "Unknown thread" [_thread_in_vm, id=4848, stack(0x000000aaa7500000,0x000000aaa7600000) (1024K)]

Stack: [0x000000aaa7500000,0x000000aaa7600000]
Native frames: (J=compiled Java code, j=interpreted, Vv=VM code, C=native code)
V  [jvm.dll+0x6d7a39]
V  [jvm.dll+0x8b4b26]
V  [jvm.dll+0x8b70de]
V  [jvm.dll+0x8b77c3]
V  [jvm.dll+0x284346]
V  [jvm.dll+0xc1277]
V  [jvm.dll+0x70ba02]
V  [jvm.dll+0x70c73c]
V  [jvm.dll+0x6e65d3]
V  [jvm.dll+0x87f17c]
V  [jvm.dll+0x3c49fc]
V  [jvm.dll+0x867e6b]
V  [jvm.dll+0x457b31]
V  [jvm.dll+0x459721]
C  [jli.dll+0x52d0]
C  [ucrtbase.dll+0x29333]
C  [KERNEL32.DLL+0x1259d]
C  [ntdll.dll+0x5af78]


---------------  P R O C E S S  ---------------

Threads class SMR info:
_java_thread_list=0x000001fcc2cbbbf0, length=1, elements={
0x000001fcc2e34c50
}

Java Threads: ( => current thread )
=>0x000001fcc2e34c50 JavaThread "Unknown thread"             [_thread_in_vm, id=4848, stack(0x000000aaa7500000,0x000000aaa7600000) (1024K)]
Total: 1

Other Threads:
  0x000001fcc2cbca10 WatcherThread "VM Periodic Task Thread"        [id=34040, stack(0x000000aaa7700000,0x000000aaa7800000) (1024K)]
  0x000001fcc2e51cf0 WorkerThread "GC Thread#0"                     [id=33736, stack(0x000000aaa7600000,0x000000aaa7700000) (1024K)]
Total: 2

Threads with active compile tasks:
Total: 0

VM state: not at safepoint (normal execution)

VM Mutex/Monitor currently owned by a thread: None

Heap address: 0x0000000080000000, size: 2048 MB, Compressed Oops mode: 32-bit

CDS archive(s) not mapped
Compressed class space mapped at: 0x0000000100000000-0x0000000140000000, reserved size: 1073741824
Narrow klass base: 0x0000000000000000, Narrow klass shift: 3, Narrow klass range: 0x140000000

GC Precious Log:
 CardTable entry size: 512
 CPUs: 8 total, 8 available
 Memory: 16261M
 Large Page Support: Disabled
 NUMA Support: Disabled
 Compressed Oops: Enabled (32-bit)
 Alignments: Space 512K, Generation 512K, Heap 2M
 Heap Min Capacity: 100M
 Heap Initial Capacity: 100M
 Heap Max Capacity: 2G
 Pre-touch: Disabled
 Parallel Workers: 8

Heap:
 PSYoungGen      total 29696K, used 512K [0x00000000d5580000, 0x00000000d7680000, 0x0000000100000000)
  eden space 25600K, 2% used [0x00000000d5580000,0x00000000d5600070,0x00000000d6e80000)
  from space 4096K, 0% used [0x00000000d7280000,0x00000000d7280000,0x00000000d7680000)
  to   space 4096K, 0% used [0x00000000d6e80000,0x00000000d6e80000,0x00000000d7280000)
 ParOldGen       total 68608K, used 0K [0x0000000080000000, 0x0000000084300000, 0x00000000d5580000)
  object space 68608K, 0% used [0x0000000080000000,0x0000000080000000,0x0000000084300000)
 Metaspace       used 1381K, committed 1408K, reserved 1114112K
  class space    used 111K, committed 128K, reserved 1048576K

Card table byte_map: [0x000001fcc27d0000,0x000001fcc2be0000] _byte_map_base: 0x000001fcc23d0000

Marking Bits: (ParMarkBitMap*) 0x00007ffa931c3450
 Begin Bits: [0x000001fcd52e0000, 0x000001fcd72e0000)
 End Bits:   [0x000001fcd72e0000, 0x000001fcd92e0000)

Polling page: 0x000001fcc0c70000

Metaspace:

Usage:
  Non-class:      1.24 MB used.
      Class:    111.10 KB used.
       Both:      1.35 MB used.

Virtual space:
  Non-class space:       64.00 MB reserved,       1.25 MB (  2%) committed,  1 nodes.
      Class space:        1.00 GB reserved,     128.00 KB ( <1%) committed,  1 nodes.
             Both:        1.06 GB reserved,       1.38 MB ( <1%) committed. 

Chunk freelists:
   Non-Class:  12.00 MB
       Class:  15.75 MB
        Both:  27.75 MB

MaxMetaspaceSize: unlimited
CompressedClassSpaceSize: 1.00 GB
Initial GC threshold: 21.00 MB
Current GC threshold: 17179869184.00 GB
CDS: off
 - commit_granule_bytes: 65536.
 - commit_granule_words: 8192.
 - virtual_space_node_default_size: 8388608.
 - enlarge_chunks_in_place: 1.
 - use_allocation_guard: 0.


Internal statistics:

num_allocs_failed_limit: 0.
num_arena_births: 2.
num_arena_deaths: 0.
num_vsnodes_births: 2.
num_vsnodes_deaths: 0.
num_space_committed: 22.
num_space_uncommitted: 0.
num_chunks_returned_to_freelist: 0.
num_chunks_taken_from_freelist: 3.
num_chunk_merges: 0.
num_chunk_splits: 2.
num_chunks_enlarged: 0.
num_inconsistent_stats: 0.

CodeHeap 'non-profiled nmethods': size=120000Kb used=0Kb max_used=0Kb free=120000Kb
 bounds [0x000001fccdb00000, 0x000001fccdd70000, 0x000001fcd5030000]
CodeHeap 'profiled nmethods': size=120000Kb used=0Kb max_used=0Kb free=120000Kb
 bounds [0x000001fcc6030000, 0x000001fcc62a0000, 0x000001fccd560000]
CodeHeap 'non-nmethods': size=5760Kb used=194Kb max_used=342Kb free=5565Kb
 bounds [0x000001fccd560000, 0x000001fccd7d0000, 0x000001fccdb00000]
CodeCache: size=245760Kb, used=194Kb, max_used=342Kb, free=245565Kb
 total_blobs=70, nmethods=0, adapters=48, full_count=0
Compilation: enabled, stopped_count=0, restarted_count=0

Compilation events (0 events):
No events

GC Heap History (0 events):
No events

Dll operation events (2 events):
Event: 0.031 Loaded shared library c:\Users\s\.vscode\extensions\redhat.java-1.53.0-win32-x64\jre\21.0.10-win32-x86_64\bin\java.dll
Event: 0.070 Loaded shared library c:\Users\s\.vscode\extensions\redhat.java-1.53.0-win32-x64\jre\21.0.10-win32-x86_64\bin\zip.dll

Deoptimization events (0 events):
No events

Classes loaded (20 events):
Event: 0.261 Loading class java/util/Iterator
Event: 0.261 Loading class java/util/Iterator done
Event: 0.261 Loading class java/lang/reflect/RecordComponent
Event: 0.261 Loading class java/lang/reflect/RecordComponent done
Event: 0.261 Loading class jdk/internal/vm/vector/VectorSupport
Event: 0.263 Loading class jdk/internal/vm/vector/VectorSupport done
Event: 0.263 Loading class jdk/internal/vm/vector/VectorSupport$VectorPayload
Event: 0.263 Loading class jdk/internal/vm/vector/VectorSupport$VectorPayload done
Event: 0.263 Loading class jdk/internal/vm/vector/VectorSupport$Vector
Event: 0.263 Loading class jdk/internal/vm/vector/VectorSupport$Vector done
Event: 0.263 Loading class jdk/internal/vm/vector/VectorSupport$VectorMask
Event: 0.263 Loading class jdk/internal/vm/vector/VectorSupport$VectorMask done
Event: 0.263 Loading class jdk/internal/vm/vector/VectorSupport$VectorShuffle
Event: 0.263 Loading class jdk/internal/vm/vector/VectorSupport$VectorShuffle done
Event: 0.263 Loading class jdk/internal/vm/FillerObject
Event: 0.264 Loading class jdk/internal/vm/FillerObject done
Event: 0.270 Loading class java/lang/NullPointerException
Event: 0.270 Loading class java/lang/NullPointerException done
Event: 0.270 Loading class java/lang/ArithmeticException
Event: 0.270 Loading class java/lang/ArithmeticException done

Classes unloaded (0 events):
No events

Classes redefined (0 events):
No events

Internal exceptions (0 events):
No events

ZGC Phase Switch (0 events):
No events

VM Operations (0 events):
No events

Memory protections (0 events):
No events

Nmethod flushes (0 events):
No events

Events (1 events):
Event: 0.065 Thread 0x000001fcc2e34c50 Thread added: 0x000001fcc2e34c50


Dynamic libraries:
0x00007ff783170000 - 0x00007ff78317e000 	c:\Users\s\.vscode\extensions\redhat.java-1.53.0-win32-x64\jre\21.0.10-win32-x86_64\bin\java.exe
0x00007ffb64c90000 - 0x00007ffb64ea7000 	C:\WINDOWS\SYSTEM32\ntdll.dll
0x00007ffb63c10000 - 0x00007ffb63cd4000 	C:\WINDOWS\System32\KERNEL32.DLL
0x00007ffb61eb0000 - 0x00007ffb62282000 	C:\WINDOWS\System32\KERNELBASE.dll
0x00007ffb62800000 - 0x00007ffb62911000 	C:\WINDOWS\System32\ucrtbase.dll
0x00007ffb49880000 - 0x00007ffb49898000 	c:\Users\s\.vscode\extensions\redhat.java-1.53.0-win32-x64\jre\21.0.10-win32-x86_64\bin\jli.dll
0x00007ffb64530000 - 0x00007ffb646e1000 	C:\WINDOWS\System32\USER32.dll
0x00007ffb61d80000 - 0x00007ffb61da6000 	C:\WINDOWS\System32\win32u.dll
0x00007ffb63ce0000 - 0x00007ffb63d09000 	C:\WINDOWS\System32\GDI32.dll
0x00007ffb624f0000 - 0x00007ffb62613000 	C:\WINDOWS\System32\gdi32full.dll
0x00007ffb62760000 - 0x00007ffb627fa000 	C:\WINDOWS\System32\msvcp_win.dll
0x00007ffb4a7f0000 - 0x00007ffb4a80e000 	c:\Users\s\.vscode\extensions\redhat.java-1.53.0-win32-x64\jre\21.0.10-win32-x86_64\bin\VCRUNTIME140.dll
0x00007ffb49dc0000 - 0x00007ffb4a05b000 	C:\WINDOWS\WinSxS\amd64_microsoft.windows.common-controls_6595b64144ccf1df_6.0.22621.5547_none_27104afb73855772\COMCTL32.dll
0x00007ffb63b50000 - 0x00007ffb63bf7000 	C:\WINDOWS\System32\msvcrt.dll
0x00007ffb64c10000 - 0x00007ffb64c41000 	C:\WINDOWS\System32\IMM32.DLL
0x00007ffb59a00000 - 0x00007ffb59a0c000 	c:\Users\s\.vscode\extensions\redhat.java-1.53.0-win32-x64\jre\21.0.10-win32-x86_64\bin\vcruntime140_1.dll
0x00007ffb12870000 - 0x00007ffb128fd000 	c:\Users\s\.vscode\extensions\redhat.java-1.53.0-win32-x64\jre\21.0.10-win32-x86_64\bin\msvcp140.dll
0x00007ffa92500000 - 0x00007ffa932a1000 	c:\Users\s\.vscode\extensions\redhat.java-1.53.0-win32-x64\jre\21.0.10-win32-x86_64\bin\server\jvm.dll
0x00007ffb642f0000 - 0x00007ffb643a1000 	C:\WINDOWS\System32\ADVAPI32.dll
0x00007ffb63570000 - 0x00007ffb63618000 	C:\WINDOWS\System32\sechost.dll
0x00007ffb62290000 - 0x00007ffb622b8000 	C:\WINDOWS\System32\bcrypt.dll
0x00007ffb63a30000 - 0x00007ffb63b44000 	C:\WINDOWS\System32\RPCRT4.dll
0x00007ffb64270000 - 0x00007ffb642e1000 	C:\WINDOWS\System32\WS2_32.dll
0x00007ffb61c50000 - 0x00007ffb61c9d000 	C:\WINDOWS\SYSTEM32\POWRPROF.dll
0x00007ffb4ecf0000 - 0x00007ffb4ecfa000 	C:\WINDOWS\SYSTEM32\VERSION.dll
0x00007ffb56e80000 - 0x00007ffb56eb4000 	C:\WINDOWS\SYSTEM32\WINMM.dll
0x00007ffb61c30000 - 0x00007ffb61c43000 	C:\WINDOWS\SYSTEM32\UMPDC.dll
0x00007ffb60db0000 - 0x00007ffb60dc8000 	C:\WINDOWS\SYSTEM32\kernel.appcore.dll
0x00007ffb59990000 - 0x00007ffb5999a000 	c:\Users\s\.vscode\extensions\redhat.java-1.53.0-win32-x64\jre\21.0.10-win32-x86_64\bin\jimage.dll
0x00007ffb5f010000 - 0x00007ffb5f243000 	C:\WINDOWS\SYSTEM32\DBGHELP.DLL
0x00007ffb63eb0000 - 0x00007ffb64243000 	C:\WINDOWS\System32\combase.dll
0x00007ffb63840000 - 0x00007ffb63917000 	C:\WINDOWS\System32\OLEAUT32.dll
0x00007ffb423f0000 - 0x00007ffb42422000 	C:\WINDOWS\SYSTEM32\dbgcore.DLL
0x00007ffb61db0000 - 0x00007ffb61e2b000 	C:\WINDOWS\System32\bcryptPrimitives.dll
0x00007ffb47f30000 - 0x00007ffb47f3f000 	c:\Users\s\.vscode\extensions\redhat.java-1.53.0-win32-x64\jre\21.0.10-win32-x86_64\bin\instrument.dll
0x00007ffb461f0000 - 0x00007ffb46210000 	c:\Users\s\.vscode\extensions\redhat.java-1.53.0-win32-x64\jre\21.0.10-win32-x86_64\bin\java.dll
0x00007ffb45eb0000 - 0x00007ffb45ec8000 	c:\Users\s\.vscode\extensions\redhat.java-1.53.0-win32-x64\jre\21.0.10-win32-x86_64\bin\zip.dll

JVMTI agents:
c:\Users\s\.vscode\extensions\redhat.java-1.53.0-win32-x64\lombok\lombok-1.18.39-4050.jar path:none, loaded, not initialized, instrumentlib options:none

dbghelp: loaded successfully - version: 4.0.5 - missing functions: none
symbol engine: initialized successfully - sym options: 0x614 - pdb path: .;c:\Users\s\.vscode\extensions\redhat.java-1.53.0-win32-x64\jre\21.0.10-win32-x86_64\bin;C:\WINDOWS\SYSTEM32;C:\WINDOWS\WinSxS\amd64_microsoft.windows.common-controls_6595b64144ccf1df_6.0.22621.5547_none_27104afb73855772;c:\Users\s\.vscode\extensions\redhat.java-1.53.0-win32-x64\jre\21.0.10-win32-x86_64\bin\server

VM Arguments:
jvm_args: --add-modules=ALL-SYSTEM --add-opens=java.base/java.util=ALL-UNNAMED --add-opens=java.base/java.lang=ALL-UNNAMED --add-opens=java.base/sun.nio.fs=ALL-UNNAMED -Declipse.application=org.eclipse.jdt.ls.core.id1 -Dosgi.bundles.defaultStartLevel=4 -Declipse.product=org.eclipse.jdt.ls.core.product -Djava.import.generatesMetadataFilesAtProjectRoot=false -DDetectVMInstallationsJob.disabled=true -Dfile.encoding=utf8 -XX:+UseParallelGC -XX:GCTimeRatio=4 -XX:AdaptiveSizePolicyWeight=90 -Dsun.zip.disableMemoryMapping=true -Xmx2G -Xms100m -Xlog:disable -javaagent:c:\Users\s\.vscode\extensions\redhat.java-1.53.0-win32-x64\lombok\lombok-1.18.39-4050.jar -XX:+HeapDumpOnOutOfMemoryError -XX:HeapDumpPath=c:\Users\s\AppData\Roaming\Code\User\workspaceStorage\d88b8708f7bbef92fbce4640555d8064\redhat.java -Daether.dependencyCollector.impl=bf 
java_command: c:\Users\s\.vscode\extensions\redhat.java-1.53.0-win32-x64\server\plugins\org.eclipse.equinox.launcher_1.7.100.v20251111-0406.jar -configuration c:\Users\s\AppData\Roaming\Code\User\globalStorage\redhat.java\1.53.0\config_win -data c:\Users\s\AppData\Roaming\Code\User\workspaceStorage\d88b8708f7bbef92fbce4640555d8064\redhat.java\jdt_ws --pipe=\\.\pipe\lsp-2414d0d41f5b557b4cf6d4764fe11011-sock
java_class_path (initial): c:\Users\s\.vscode\extensions\redhat.java-1.53.0-win32-x64\server\plugins\org.eclipse.equinox.launcher_1.7.100.v20251111-0406.jar
Launcher Type: SUN_STANDARD

[Global flags]
    uintx AdaptiveSizePolicyWeight                 = 90                                        {product} {command line}
     intx CICompilerCount                          = 4                                         {product} {ergonomic}
    uintx GCTimeRatio                              = 4                                         {product} {command line}
     bool HeapDumpOnOutOfMemoryError               = true                                   {manageable} {command line}
    ccstr HeapDumpPath                             = c:\Users\s\AppData\Roaming\Code\User\workspaceStorage\d88b8708f7bbef92fbce4640555d8064\redhat.java         {manageable} {command line}
   size_t InitialHeapSize                          = 104857600                                 {product} {command line}
   size_t MaxHeapSize                              = 2147483648                                {product} {command line}
   size_t MaxNewSize                               = 715653120                                 {product} {ergonomic}
   size_t MinHeapDeltaBytes                        = 524288                                    {product} {ergonomic}
   size_t MinHeapSize                              = 104857600                                 {product} {command line}
   size_t NewSize                                  = 34603008                                  {product} {ergonomic}
    uintx NonNMethodCodeHeapSize                   = 5839372                                {pd product} {ergonomic}
    uintx NonProfiledCodeHeapSize                  = 122909434                              {pd product} {ergonomic}
   size_t OldSize                                  = 70254592                                  {product} {ergonomic}
    uintx ProfiledCodeHeapSize                     = 122909434                              {pd product} {ergonomic}
    uintx ReservedCodeCacheSize                    = 251658240                              {pd product} {ergonomic}
     bool SegmentedCodeCache                       = true                                      {product} {ergonomic}
   size_t SoftMaxHeapSize                          = 2147483648                             {manageable} {ergonomic}
     bool UseCompressedOops                        = true                           {product lp64_product} {ergonomic}
     bool UseLargePagesIndividualAllocation        = false                                  {pd product} {ergonomic}
     bool UseParallelGC                            = true                                      {product} {command line}

Logging:
Log output configuration:
 #0: stdout all=off uptime,level,tags foldmultilines=false
 #1: stderr all=off uptime,level,tags foldmultilines=false

Release file:
<release file has not been read>
Environment Variables:
PATH=C:\Program Files\Java\jdk-21\bin;C:\jdk-20.0.1\bin;C:\Program Files (x86)\VMware\VMware Workstation\bin\;C:\Program Files (x86)\Common Files\Intel\Shared Libraries\redist\intel64\compiler;C:\texlive\2000\bin\win32;C:\WINDOWS\system32;C:\WINDOWS;C:\WINDOWS\System32\Wbem;C:\WINDOWS\System32\WindowsPowerShell\v1.0\;C:\WINDOWS\System32\OpenSSH\;C:\MinGW\bin;C:\flutter\bin;C:\Users\s\AppData\Local\Pub\Cache\bin;C:\Program Files\dotnet\;C:\Program Files\MySQL\MySQL Server 8.0\bin;C:\Users\s\AppData\Roaming\nvm;C:\Program Files\nodejs;C:\Program Files\Git\cmd;C:\Program Files\PuTTY\;C:\Users\s\AppData\Local\Muse Hub\lib;C:\Users\s\.local\bin;C:\Program Files\MiKTeX\miktex\bin\x64\;C:\Users\s\AppData\Local\Muse Hub\lib;C:\Users\s\Desktop\2CS\OGL_2023\TP\TP SonarQube\openjdk-11.0.2_windows-x64_bin\jdk-11.0.2\bin;C:\Users\s\Desktop\2CS\OGL_2023\TP\TP SonarQube\openjdk-11.0.2_windows-x64_bin\jdk-11.0.2\bin;C:\Users\s\Desktop\2CS\OGL_2023\TP\TP SonarQube\sonar-scanner-cli-4.6.0.2311-windows\sonar-scanner-4.6.0.2311-windows\bin;C:\Users\s\AppData\Local\Programs\Microsoft VS Code\bin;C:\Users\s\AppData\Local\Programs\Python\Python313;C:\flutter\bin;C:\msys64\mingw64\bin;C:\flex;C:\Android\cmdline-tools\latest\bin;C:\Android\platform-tools;C:\Windows\System32\curl.exe;C:\ProgramData\chocolatey\bin;C:\Program Files\Docker\Docker\resources\bin;C:\Users\s\AppData\Local\Programs\Antigravity\bin;C:\Program Files\Java\jdk-21\bin;C:\jdk-20.0.1\bin;C:\Program Files (x86)\VMware\VMware Workstation\bin\;C:\Program Files (x86)\Common Files\Intel\Shared Libraries\redist\intel64\compiler;C:\texlive\2000\bin\win32;C:\WINDOWS\system32;C:\WINDOWS;C:\WINDOWS\System32\Wbem;C:\WINDOWS\System32\WindowsPowerShell\v1.0\;C:\WINDOWS\System32\OpenSSH\;C:\MinGW\bin;C:\flutter\bin;C:\Users\s\AppData\Local\Pub\Cache\bin;C:\Program Files\dotnet\;C:\Program Files\MySQL\MySQL Server 8.0\bin;C:\Users\s\AppData\Roaming\nvm;C:\Program Files\nodejs;C:\Program Files\Git\cmd;C:\Program Files\PuTTY\;C:\Users\s\AppData\Local\Muse Hub\lib;C:\Users\s\.local\bin;C:\Program Files\MiKTeX\miktex\bin\x64\;C:\Users\s\AppData\Local\Muse Hub\lib;C:\Users\s\Desktop\2CS\OGL_2023\TP\TP SonarQube\openjdk-11.0.2_windows-x64_bin\jdk-11.0.2\bin;C:\Users\s\Desktop\2CS\OGL_2023\TP\TP SonarQube\openjdk-11.0.2_windows-x64_bin\jdk-11.0.2\bin;C:\Users\s\Desktop\2CS\OGL_2023\TP\TP SonarQube\sonar-scanner-cli-4.6.0.2311-windows\sonar-scanner-4.6.0.2311-windows\bin;C:\Users\s\AppData\Local\Programs\Microsoft VS Code\bin;C:\Users\s\AppData\Local\Programs\Python\Python313;C:\flutter\bin;C:\msys64\mingw64\bin;C:\flex;C:\Android\cmdline-tools\latest\bin;C:\Android\platform-tools;C:\Windows\System32\curl.exe;C:\ProgramData\chocolatey\bin;C:\Program Files\Docker\Docker\resources\bin;C:\Users\s\AppData\Local\Programs\Antigravity\bin;;C:\Users\s\AppData\Local\Programs\Microsoft VS Code\bin;C:\Users\s\AppData\Local\Programs\Qoder\bin;C:\Users\s\AppData\Local\Programs\Antigravity\bin;C:\Users\s\AppData\Local\Pandoc\
USERNAME=s
OS=Windows_NT
PROCESSOR_IDENTIFIER=Intel64 Family 6 Model 142 Stepping 10, GenuineIntel
TMP=C:\Users\s\AppData\Local\Temp
TEMP=C:\Users\s\AppData\Local\Temp




Periodic native trim disabled

---------------  S Y S T E M  ---------------

OS:
 Windows 11 , 64 bit Build 22621 (10.0.22621.5415)
OS uptime: 4 days 7:38 hours

CPU: total 8 (initial active 8) (4 cores per cpu, 2 threads per core) family 6 model 142 stepping 10 microcode 0xe0, cx8, cmov, fxsr, ht, mmx, 3dnowpref, sse, sse2, sse3, ssse3, sse4.1, sse4.2, popcnt, lzcnt, tsc, tscinvbit, avx, avx2, aes, erms, clmul, bmi1, bmi2, rtm, adx, fma, vzeroupper, clflush, clflushopt, rdtscp, f16c
Processor Information for the first 8 processors :
  Max Mhz: 2112, Current Mhz: 1910, Mhz Limit: 1900

Memory: 4k page, system-wide physical 16261M (564M free)
TotalPageFile size 32848M (AvailPageFile size 21M)
current process WorkingSet (physical memory assigned to process): 17M, peak: 17M
current process commit charge ("private bytes"): 193M, peak: 194M

vm_info: OpenJDK 64-Bit Server VM (21.0.10+7-LTS) for windows-amd64 JRE (21.0.10+7-LTS), built on 2026-01-20T00:00:00Z by "admin" with MS VC++ 17.12 (VS2022)

END.
